Command line invocation:
    /Applications/Xcode.app/Contents/Developer/usr/bin/xcodebuild build -project "SwiftUI Challange.xcodeproj" -scheme "SwiftUI Challange" -sdk iphonesimulator -destination "generic/platform=iOS Simulator"

Build settings from command line:
    SDKROOT = iphonesimulator26.4

2026-04-09 17:00:13.180 xcodebuild[36427:3748295] [MT] IDERunDestination: Supported platforms for the buildables in the current scheme is empty.
ComputePackagePrebuildTargetDependencyGraph

Prepare packages

CreateBuildRequest

SendProjectDescription

CreateBuildOperation

ComputeTargetDependencyGraph
note: Building targets in dependency order
note: Target dependency graph (1 target)
    Target 'SwiftUI Challange' in project 'SwiftUI Challange' (no dependencies)

GatherProvisioningInputs

CreateBuildDescription

ExecuteExternalTool /Applications/Xcode.app/Contents/Developer/Toolchains/XcodeDefault.xctoolchain/usr/bin/clang -v -E -dM -isysroot /Applications/Xcode.app/Contents/Developer/Platforms/iPhoneSimulator.platform/Developer/SDKs/iPhoneSimulator26.4.sdk -x c -c /dev/null

ExecuteExternalTool /Applications/Xcode.app/Contents/Developer/usr/bin/actool --print-asset-tag-combinations --output-format xml1 /Users/johnson/Projects/SwiftUI Challange/SwiftUI Challange/Assets.xcassets

ExecuteExternalTool /Applications/Xcode.app/Contents/Developer/usr/bin/actool --version --output-format xml1

ExecuteExternalTool /Applications/Xcode.app/Contents/Developer/Toolchains/XcodeDefault.xctoolchain/usr/bin/swiftc --version

ExecuteExternalTool /Applications/Xcode.app/Contents/Developer/Toolchains/XcodeDefault.xctoolchain/usr/bin/ld -version_details

Build description signature: 5d06e5752d1d6b6a5ac9301baf4f2e47
Build description path: /Users/johnson/Library/Developer/Xcode/DerivedData/SwiftUI_Challange-ayiqovtkgsueoravwjbktmernxjq/Build/Intermediates.noindex/XCBuildData/5d06e5752d1d6b6a5ac9301baf4f2e47.xcbuilddata
ClangStatCache /Applications/Xcode.app/Contents/Developer/Toolchains/XcodeDefault.xctoolchain/usr/bin/clang-stat-cache /Applications/Xcode.app/Contents/Developer/Platforms/iPhoneSimulator.platform/Developer/SDKs/iPhoneSimulator26.4.sdk /Users/johnson/Library/Developer/Xcode/DerivedData/SDKStatCaches.noindex/iphonesimulator26.4-23E237-686eebb5dc1d8ecb277353a59184f4aa.sdkstatcache
    cd /Users/johnson/Projects/SwiftUI\ Challange/SwiftUI\ Challange.xcodeproj
    /Applications/Xcode.app/Contents/Developer/Toolchains/XcodeDefault.xctoolchain/usr/bin/clang-stat-cache /Applications/Xcode.app/Contents/Developer/Platforms/iPhoneSimulator.platform/Developer/SDKs/iPhoneSimulator26.4.sdk -o /Users/johnson/Library/Developer/Xcode/DerivedData/SDKStatCaches.noindex/iphonesimulator26.4-23E237-686eebb5dc1d8ecb277353a59184f4aa.sdkstatcache

CompileAssetCatalogVariant thinned /Users/johnson/Library/Developer/Xcode/DerivedData/SwiftUI_Challange-ayiqovtkgsueoravwjbktmernxjq/Build/Products/Debug-iphonesimulator/SwiftUI\ Challange.app /Users/johnson/Projects/SwiftUI\ Challange/SwiftUI\ Challange/Assets.xcassets (in target 'SwiftUI Challange' from project 'SwiftUI Challange')
    cd /Users/johnson/Projects/SwiftUI\ Challange
    /Applications/Xcode.app/Contents/Developer/usr/bin/actool /Users/johnson/Projects/SwiftUI\ Challange/SwiftUI\ Challange/Assets.xcassets --compile /Users/johnson/Library/Developer/Xcode/DerivedData/SwiftUI_Challange-ayiqovtkgsueoravwjbktmernxjq/Build/Intermediates.noindex/SwiftUI\ Challange.build/Debug-iphonesimulator/SwiftUI\ Challange.build/assetcatalog_output/thinned --output-format human-readable-text --notices --warnings --export-dependency-info /Users/johnson/Library/Developer/Xcode/DerivedData/SwiftUI_Challange-ayiqovtkgsueoravwjbktmernxjq/Build/Intermediates.noindex/SwiftUI\ Challange.build/Debug-iphonesimulator/SwiftUI\ Challange.build/assetcatalog_dependencies_thinned --output-partial-info-plist /Users/johnson/Library/Developer/Xcode/DerivedData/SwiftUI_Challange-ayiqovtkgsueoravwjbktmernxjq/Build/Intermediates.noindex/SwiftUI\ Challange.build/Debug-iphonesimulator/SwiftUI\ Challange.build/assetcatalog_generated_info.plist_thinned --app-icon AppIcon --accent-color AccentColor --compress-pngs --enable-on-demand-resources YES --development-region en --target-device iphone --target-device ipad --minimum-deployment-target 26.4 --platform iphonesimulator
/* com.apple.actool.compilation-results */
/Users/johnson/Library/Developer/Xcode/DerivedData/SwiftUI_Challange-ayiqovtkgsueoravwjbktmernxjq/Build/Intermediates.noindex/SwiftUI Challange.build/Debug-iphonesimulator/SwiftUI Challange.build/assetcatalog_generated_info.plist_thinned


SwiftDriver SwiftUI\ Challange normal x86_64 com.apple.xcode.tools.swift.compiler (in target 'SwiftUI Challange' from project 'SwiftUI Challange')
    cd /Users/johnson/Projects/SwiftUI\ Challange
    builtin-SwiftDriver -- /Applications/Xcode.app/Contents/Developer/Toolchains/XcodeDefault.xctoolchain/usr/bin/swiftc -module-name SwiftUI_Challange -Onone @/Users/johnson/Library/Developer/Xcode/DerivedData/SwiftUI_Challange-ayiqovtkgsueoravwjbktmernxjq/Build/Intermediates.noindex/SwiftUI\ Challange.build/Debug-iphonesimulator/SwiftUI\ Challange.build/Objects-normal/x86_64/SwiftUI\ Challange.SwiftFileList -DDEBUG -default-isolation\=MainActor -enable-bare-slash-regex -enable-upcoming-feature DisableOutwardActorInference -enable-upcoming-feature InferSendableFromCaptures -enable-upcoming-feature GlobalActorIsolatedTypesUsability -enable-upcoming-feature MemberImportVisibility -enable-upcoming-feature InferIsolatedConformances -enable-upcoming-feature NonisolatedNonsendingByDefault -enable-experimental-feature DebugDescriptionMacro -sdk /Applications/Xcode.app/Contents/Developer/Platforms/iPhoneSimulator.platform/Developer/SDKs/iPhoneSimulator26.4.sdk -target x86_64-apple-ios26.4-simulator -g -module-cache-path /Users/johnson/Library/Developer/Xcode/DerivedData/ModuleCache.noindex -Xfrontend -serialize-debugging-options -enable-testing -index-store-path /Users/johnson/Library/Developer/Xcode/DerivedData/SwiftUI_Challange-ayiqovtkgsueoravwjbktmernxjq/Index.noindex/DataStore -Xcc -D_LIBCPP_HARDENING_MODE\=_LIBCPP_HARDENING_MODE_DEBUG -swift-version 5 -I /Users/johnson/Library/Developer/Xcode/DerivedData/SwiftUI_Challange-ayiqovtkgsueoravwjbktmernxjq/Build/Products/Debug-iphonesimulator -F /Users/johnson/Library/Developer/Xcode/DerivedData/SwiftUI_Challange-ayiqovtkgsueoravwjbktmernxjq/Build/Products/Debug-iphonesimulator -emit-localized-strings -emit-localized-strings-path /Users/johnson/Library/Developer/Xcode/DerivedData/SwiftUI_Challange-ayiqovtkgsueoravwjbktmernxjq/Build/Intermediates.noindex/SwiftUI\ Challange.build/Debug-iphonesimulator/SwiftUI\ Challange.build/Objects-normal/x86_64 -c -j12 -enable-batch-mode -incremental -Xcc -ivfsstatcache -Xcc /Users/johnson/Library/Developer/Xcode/DerivedData/SDKStatCaches.noindex/iphonesimulator26.4-23E237-686eebb5dc1d8ecb277353a59184f4aa.sdkstatcache -output-file-map /Users/johnson/Library/Developer/Xcode/DerivedData/SwiftUI_Challange-ayiqovtkgsueoravwjbktmernxjq/Build/Intermediates.noindex/SwiftUI\ Challange.build/Debug-iphonesimulator/SwiftUI\ Challange.build/Objects-normal/x86_64/SwiftUI\ Challange-OutputFileMap.json -use-frontend-parseable-output -save-temps -no-color-diagnostics -explicit-module-build -module-cache-path /Users/johnson/Library/Developer/Xcode/DerivedData/SwiftUI_Challange-ayiqovtkgsueoravwjbktmernxjq/Build/Intermediates.noindex/SwiftExplicitPrecompiledModules -clang-scanner-module-cache-path /Users/johnson/Library/Developer/Xcode/DerivedData/ModuleCache.noindex -sdk-module-cache-path /Users/johnson/Library/Developer/Xcode/DerivedData/ModuleCache.noindex -serialize-diagnostics -emit-dependencies -emit-module -emit-module-path /Users/johnson/Library/Developer/Xcode/DerivedData/SwiftUI_Challange-ayiqovtkgsueoravwjbktmernxjq/Build/Intermediates.noindex/SwiftUI\ Challange.build/Debug-iphonesimulator/SwiftUI\ Challange.build/Objects-normal/x86_64/SwiftUI_Challange.swiftmodule -validate-clang-modules-once -clang-build-session-file /Users/johnson/Library/Developer/Xcode/DerivedData/ModuleCache.noindex/Session.modulevalidation -Xcc -I/Users/johnson/Library/Developer/Xcode/DerivedData/SwiftUI_Challange-ayiqovtkgsueoravwjbktmernxjq/Build/Intermediates.noindex/SwiftUI\ Challange.build/Debug-iphonesimulator/SwiftUI\ Challange.build/swift-overrides.hmap -emit-const-values -Xfrontend -const-gather-protocols-file -Xfrontend /Users/johnson/Library/Developer/Xcode/DerivedData/SwiftUI_Challange-ayiqovtkgsueoravwjbktmernxjq/Build/Intermediates.noindex/SwiftUI\ Challange.build/Debug-iphonesimulator/SwiftUI\ Challange.build/Objects-normal/x86_64/SwiftUI\ Challange_const_extract_protocols.json -Xcc -iquote -Xcc /Users/johnson/Library/Developer/Xcode/DerivedData/SwiftUI_Challange-ayiqovtkgsueoravwjbktmernxjq/Build/Intermediates.noindex/SwiftUI\ Challange.build/Debug-iphonesimulator/SwiftUI\ Challange.build/SwiftUI\ Challange-generated-files.hmap -Xcc -I/Users/johnson/Library/Developer/Xcode/DerivedData/SwiftUI_Challange-ayiqovtkgsueoravwjbktmernxjq/Build/Intermediates.noindex/SwiftUI\ Challange.build/Debug-iphonesimulator/SwiftUI\ Challange.build/SwiftUI\ Challange-own-target-headers.hmap -Xcc -I/Users/johnson/Library/Developer/Xcode/DerivedData/SwiftUI_Challange-ayiqovtkgsueoravwjbktmernxjq/Build/Intermediates.noindex/SwiftUI\ Challange.build/Debug-iphonesimulator/SwiftUI\ Challange.build/SwiftUI\ Challange-all-target-headers.hmap -Xcc -iquote -Xcc /Users/johnson/Library/Developer/Xcode/DerivedData/SwiftUI_Challange-ayiqovtkgsueoravwjbktmernxjq/Build/Intermediates.noindex/SwiftUI\ Challange.build/Debug-iphonesimulator/SwiftUI\ Challange.build/SwiftUI\ Challange-project-headers.hmap -Xcc -I/Users/johnson/Library/Developer/Xcode/DerivedData/SwiftUI_Challange-ayiqovtkgsueoravwjbktmernxjq/Build/Products/Debug-iphonesimulator/include -Xcc -I/Users/johnson/Library/Developer/Xcode/DerivedData/SwiftUI_Challange-ayiqovtkgsueoravwjbktmernxjq/Build/Intermediates.noindex/SwiftUI\ Challange.build/Debug-iphonesimulator/SwiftUI\ Challange.build/DerivedSources-normal/x86_64 -Xcc -I/Users/johnson/Library/Developer/Xcode/DerivedData/SwiftUI_Challange-ayiqovtkgsueoravwjbktmernxjq/Build/Intermediates.noindex/SwiftUI\ Challange.build/Debug-iphonesimulator/SwiftUI\ Challange.build/DerivedSources/x86_64 -Xcc -I/Users/johnson/Library/Developer/Xcode/DerivedData/SwiftUI_Challange-ayiqovtkgsueoravwjbktmernxjq/Build/Intermediates.noindex/SwiftUI\ Challange.build/Debug-iphonesimulator/SwiftUI\ Challange.build/DerivedSources -Xcc -DDEBUG\=1 -emit-objc-header -emit-objc-header-path /Users/johnson/Library/Developer/Xcode/DerivedData/SwiftUI_Challange-ayiqovtkgsueoravwjbktmernxjq/Build/Intermediates.noindex/SwiftUI\ Challange.build/Debug-iphonesimulator/SwiftUI\ Challange.build/Objects-normal/x86_64/SwiftUI_Challange-Swift.h -working-directory /Users/johnson/Projects/SwiftUI\ Challange -experimental-emit-module-separately -disable-cmo

SwiftDriver SwiftUI\ Challange normal arm64 com.apple.xcode.tools.swift.compiler (in target 'SwiftUI Challange' from project 'SwiftUI Challange')
    cd /Users/johnson/Projects/SwiftUI\ Challange
    builtin-SwiftDriver -- /Applications/Xcode.app/Contents/Developer/Toolchains/XcodeDefault.xctoolchain/usr/bin/swiftc -module-name SwiftUI_Challange -Onone @/Users/johnson/Library/Developer/Xcode/DerivedData/SwiftUI_Challange-ayiqovtkgsueoravwjbktmernxjq/Build/Intermediates.noindex/SwiftUI\ Challange.build/Debug-iphonesimulator/SwiftUI\ Challange.build/Objects-normal/arm64/SwiftUI\ Challange.SwiftFileList -DDEBUG -default-isolation\=MainActor -enable-bare-slash-regex -enable-upcoming-feature DisableOutwardActorInference -enable-upcoming-feature InferSendableFromCaptures -enable-upcoming-feature GlobalActorIsolatedTypesUsability -enable-upcoming-feature MemberImportVisibility -enable-upcoming-feature InferIsolatedConformances -enable-upcoming-feature NonisolatedNonsendingByDefault -enable-experimental-feature DebugDescriptionMacro -sdk /Applications/Xcode.app/Contents/Developer/Platforms/iPhoneSimulator.platform/Developer/SDKs/iPhoneSimulator26.4.sdk -target arm64-apple-ios26.4-simulator -g -module-cache-path /Users/johnson/Library/Developer/Xcode/DerivedData/ModuleCache.noindex -Xfrontend -serialize-debugging-options -enable-testing -index-store-path /Users/johnson/Library/Developer/Xcode/DerivedData/SwiftUI_Challange-ayiqovtkgsueoravwjbktmernxjq/Index.noindex/DataStore -Xcc -D_LIBCPP_HARDENING_MODE\=_LIBCPP_HARDENING_MODE_DEBUG -swift-version 5 -I /Users/johnson/Library/Developer/Xcode/DerivedData/SwiftUI_Challange-ayiqovtkgsueoravwjbktmernxjq/Build/Products/Debug-iphonesimulator -F /Users/johnson/Library/Developer/Xcode/DerivedData/SwiftUI_Challange-ayiqovtkgsueoravwjbktmernxjq/Build/Products/Debug-iphonesimulator -emit-localized-strings -emit-localized-strings-path /Users/johnson/Library/Developer/Xcode/DerivedData/SwiftUI_Challange-ayiqovtkgsueoravwjbktmernxjq/Build/Intermediates.noindex/SwiftUI\ Challange.build/Debug-iphonesimulator/SwiftUI\ Challange.build/Objects-normal/arm64 -c -j12 -enable-batch-mode -incremental -Xcc -ivfsstatcache -Xcc /Users/johnson/Library/Developer/Xcode/DerivedData/SDKStatCaches.noindex/iphonesimulator26.4-23E237-686eebb5dc1d8ecb277353a59184f4aa.sdkstatcache -output-file-map /Users/johnson/Library/Developer/Xcode/DerivedData/SwiftUI_Challange-ayiqovtkgsueoravwjbktmernxjq/Build/Intermediates.noindex/SwiftUI\ Challange.build/Debug-iphonesimulator/SwiftUI\ Challange.build/Objects-normal/arm64/SwiftUI\ Challange-OutputFileMap.json -use-frontend-parseable-output -save-temps -no-color-diagnostics -explicit-module-build -module-cache-path /Users/johnson/Library/Developer/Xcode/DerivedData/SwiftUI_Challange-ayiqovtkgsueoravwjbktmernxjq/Build/Intermediates.noindex/SwiftExplicitPrecompiledModules -clang-scanner-module-cache-path /Users/johnson/Library/Developer/Xcode/DerivedData/ModuleCache.noindex -sdk-module-cache-path /Users/johnson/Library/Developer/Xcode/DerivedData/ModuleCache.noindex -serialize-diagnostics -emit-dependencies -emit-module -emit-module-path /Users/johnson/Library/Developer/Xcode/DerivedData/SwiftUI_Challange-ayiqovtkgsueoravwjbktmernxjq/Build/Intermediates.noindex/SwiftUI\ Challange.build/Debug-iphonesimulator/SwiftUI\ Challange.build/Objects-normal/arm64/SwiftUI_Challange.swiftmodule -validate-clang-modules-once -clang-build-session-file /Users/johnson/Library/Developer/Xcode/DerivedData/ModuleCache.noindex/Session.modulevalidation -Xcc -I/Users/johnson/Library/Developer/Xcode/DerivedData/SwiftUI_Challange-ayiqovtkgsueoravwjbktmernxjq/Build/Intermediates.noindex/SwiftUI\ Challange.build/Debug-iphonesimulator/SwiftUI\ Challange.build/swift-overrides.hmap -emit-const-values -Xfrontend -const-gather-protocols-file -Xfrontend /Users/johnson/Library/Developer/Xcode/DerivedData/SwiftUI_Challange-ayiqovtkgsueoravwjbktmernxjq/Build/Intermediates.noindex/SwiftUI\ Challange.build/Debug-iphonesimulator/SwiftUI\ Challange.build/Objects-normal/arm64/SwiftUI\ Challange_const_extract_protocols.json -Xcc -iquote -Xcc /Users/johnson/Library/Developer/Xcode/DerivedData/SwiftUI_Challange-ayiqovtkgsueoravwjbktmernxjq/Build/Intermediates.noindex/SwiftUI\ Challange.build/Debug-iphonesimulator/SwiftUI\ Challange.build/SwiftUI\ Challange-generated-files.hmap -Xcc -I/Users/johnson/Library/Developer/Xcode/DerivedData/SwiftUI_Challange-ayiqovtkgsueoravwjbktmernxjq/Build/Intermediates.noindex/SwiftUI\ Challange.build/Debug-iphonesimulator/SwiftUI\ Challange.build/SwiftUI\ Challange-own-target-headers.hmap -Xcc -I/Users/johnson/Library/Developer/Xcode/DerivedData/SwiftUI_Challange-ayiqovtkgsueoravwjbktmernxjq/Build/Intermediates.noindex/SwiftUI\ Challange.build/Debug-iphonesimulator/SwiftUI\ Challange.build/SwiftUI\ Challange-all-target-headers.hmap -Xcc -iquote -Xcc /Users/johnson/Library/Developer/Xcode/DerivedData/SwiftUI_Challange-ayiqovtkgsueoravwjbktmernxjq/Build/Intermediates.noindex/SwiftUI\ Challange.build/Debug-iphonesimulator/SwiftUI\ Challange.build/SwiftUI\ Challange-project-headers.hmap -Xcc -I/Users/johnson/Library/Developer/Xcode/DerivedData/SwiftUI_Challange-ayiqovtkgsueoravwjbktmernxjq/Build/Products/Debug-iphonesimulator/include -Xcc -I/Users/johnson/Library/Developer/Xcode/DerivedData/SwiftUI_Challange-ayiqovtkgsueoravwjbktmernxjq/Build/Intermediates.noindex/SwiftUI\ Challange.build/Debug-iphonesimulator/SwiftUI\ Challange.build/DerivedSources-normal/arm64 -Xcc -I/Users/johnson/Library/Developer/Xcode/DerivedData/SwiftUI_Challange-ayiqovtkgsueoravwjbktmernxjq/Build/Intermediates.noindex/SwiftUI\ Challange.build/Debug-iphonesimulator/SwiftUI\ Challange.build/DerivedSources/arm64 -Xcc -I/Users/johnson/Library/Developer/Xcode/DerivedData/SwiftUI_Challange-ayiqovtkgsueoravwjbktmernxjq/Build/Intermediates.noindex/SwiftUI\ Challange.build/Debug-iphonesimulator/SwiftUI\ Challange.build/DerivedSources -Xcc -DDEBUG\=1 -emit-objc-header -emit-objc-header-path /Users/johnson/Library/Developer/Xcode/DerivedData/SwiftUI_Challange-ayiqovtkgsueoravwjbktmernxjq/Build/Intermediates.noindex/SwiftUI\ Challange.build/Debug-iphonesimulator/SwiftUI\ Challange.build/Objects-normal/arm64/SwiftUI_Challange-Swift.h -working-directory /Users/johnson/Projects/SwiftUI\ Challange -experimental-emit-module-separately -disable-cmo

LinkAssetCatalog /Users/johnson/Projects/SwiftUI\ Challange/SwiftUI\ Challange/Assets.xcassets (in target 'SwiftUI Challange' from project 'SwiftUI Challange')
    cd /Users/johnson/Projects/SwiftUI\ Challange
    builtin-linkAssetCatalog --thinned /Users/johnson/Library/Developer/Xcode/DerivedData/SwiftUI_Challange-ayiqovtkgsueoravwjbktmernxjq/Build/Intermediates.noindex/SwiftUI\ Challange.build/Debug-iphonesimulator/SwiftUI\ Challange.build/assetcatalog_output/thinned --thinned-dependencies /Users/johnson/Library/Developer/Xcode/DerivedData/SwiftUI_Challange-ayiqovtkgsueoravwjbktmernxjq/Build/Intermediates.noindex/SwiftUI\ Challange.build/Debug-iphonesimulator/SwiftUI\ Challange.build/assetcatalog_dependencies_thinned --thinned-info-plist-content /Users/johnson/Library/Developer/Xcode/DerivedData/SwiftUI_Challange-ayiqovtkgsueoravwjbktmernxjq/Build/Intermediates.noindex/SwiftUI\ Challange.build/Debug-iphonesimulator/SwiftUI\ Challange.build/assetcatalog_generated_info.plist_thinned --unthinned /Users/johnson/Library/Developer/Xcode/DerivedData/SwiftUI_Challange-ayiqovtkgsueoravwjbktmernxjq/Build/Intermediates.noindex/SwiftUI\ Challange.build/Debug-iphonesimulator/SwiftUI\ Challange.build/assetcatalog_output/unthinned --unthinned-dependencies /Users/johnson/Library/Developer/Xcode/DerivedData/SwiftUI_Challange-ayiqovtkgsueoravwjbktmernxjq/Build/Intermediates.noindex/SwiftUI\ Challange.build/Debug-iphonesimulator/SwiftUI\ Challange.build/assetcatalog_dependencies_unthinned --unthinned-info-plist-content /Users/johnson/Library/Developer/Xcode/DerivedData/SwiftUI_Challange-ayiqovtkgsueoravwjbktmernxjq/Build/Intermediates.noindex/SwiftUI\ Challange.build/Debug-iphonesimulator/SwiftUI\ Challange.build/assetcatalog_generated_info.plist_unthinned --output /Users/johnson/Library/Developer/Xcode/DerivedData/SwiftUI_Challange-ayiqovtkgsueoravwjbktmernxjq/Build/Products/Debug-iphonesimulator/SwiftUI\ Challange.app --plist-output /Users/johnson/Library/Developer/Xcode/DerivedData/SwiftUI_Challange-ayiqovtkgsueoravwjbktmernxjq/Build/Intermediates.noindex/SwiftUI\ Challange.build/Debug-iphonesimulator/SwiftUI\ Challange.build/assetcatalog_generated_info.plist

ProcessInfoPlistFile /Users/johnson/Library/Developer/Xcode/DerivedData/SwiftUI_Challange-ayiqovtkgsueoravwjbktmernxjq/Build/Products/Debug-iphonesimulator/SwiftUI\ Challange.app/Info.plist /Users/johnson/Library/Developer/Xcode/DerivedData/SwiftUI_Challange-ayiqovtkgsueoravwjbktmernxjq/Build/Intermediates.noindex/SwiftUI\ Challange.build/Debug-iphonesimulator/SwiftUI\ Challange.build/empty-SwiftUI\ Challange.plist (in target 'SwiftUI Challange' from project 'SwiftUI Challange')
    cd /Users/johnson/Projects/SwiftUI\ Challange
    builtin-infoPlistUtility /Users/johnson/Library/Developer/Xcode/DerivedData/SwiftUI_Challange-ayiqovtkgsueoravwjbktmernxjq/Build/Intermediates.noindex/SwiftUI\ Challange.build/Debug-iphonesimulator/SwiftUI\ Challange.build/empty-SwiftUI\ Challange.plist -producttype com.apple.product-type.application -genpkginfo /Users/johnson/Library/Developer/Xcode/DerivedData/SwiftUI_Challange-ayiqovtkgsueoravwjbktmernxjq/Build/Products/Debug-iphonesimulator/SwiftUI\ Challange.app/PkgInfo -expandbuildsettings -format binary -platform iphonesimulator -additionalcontentfile /Users/johnson/Library/Developer/Xcode/DerivedData/SwiftUI_Challange-ayiqovtkgsueoravwjbktmernxjq/Build/Intermediates.noindex/SwiftUI\ Challange.build/Debug-iphonesimulator/SwiftUI\ Challange.build/assetcatalog_generated_info.plist -o /Users/johnson/Library/Developer/Xcode/DerivedData/SwiftUI_Challange-ayiqovtkgsueoravwjbktmernxjq/Build/Products/Debug-iphonesimulator/SwiftUI\ Challange.app/Info.plist

SwiftEmitModule normal x86_64 Emitting\ module\ for\ SwiftUI_Challange (in target 'SwiftUI Challange' from project 'SwiftUI Challange')

EmitSwiftModule normal x86_64 (in target 'SwiftUI Challange' from project 'SwiftUI Challange')
    cd /Users/johnson/Projects/SwiftUI\ Challange
    

SwiftCompile normal x86_64 Compiling\ ContentView.swift /Users/johnson/Projects/SwiftUI\ Challange/SwiftUI\ Challange/View/ContentView.swift (in target 'SwiftUI Challange' from project 'SwiftUI Challange')
Failed frontend command:
/Applications/Xcode.app/Contents/Developer/Toolchains/XcodeDefault.xctoolchain/usr/bin/swift-frontend -frontend -c /Users/johnson/Projects/SwiftUI\ Challange/SwiftUI\ Challange/Model/Category.swift /Users/johnson/Projects/SwiftUI\ Challange/SwiftUI\ Challange/Model/Item.swift /Users/johnson/Projects/SwiftUI\ Challange/SwiftUI\ Challange/Storage/CategoryStorage.swift /Users/johnson/Projects/SwiftUI\ Challange/SwiftUI\ Challange/View/CategoryDetailView.swift -primary-file /Users/johnson/Projects/SwiftUI\ Challange/SwiftUI\ Challange/View/ContentView.swift /Users/johnson/Projects/SwiftUI\ Challange/SwiftUI\ Challange/ViewModel/HabitViewModel.swift /Users/johnson/Projects/SwiftUI\ Challange/SwiftUI\ Challange/SwiftUI_ChallangeApp.swift /Users/johnson/Library/Developer/Xcode/DerivedData/SwiftUI_Challange-ayiqovtkgsueoravwjbktmernxjq/Build/Intermediates.noindex/SwiftUI\ Challange.build/Debug-iphonesimulator/SwiftUI\ Challange.build/DerivedSources/GeneratedAssetSymbols.swift -emit-dependencies-path /Users/johnson/Library/Developer/Xcode/DerivedData/SwiftUI_Challange-ayiqovtkgsueoravwjbktmernxjq/Build/Intermediates.noindex/SwiftUI\ Challange.build/Debug-iphonesimulator/SwiftUI\ Challange.build/Objects-normal/x86_64/ContentView.d -emit-const-values-path /Users/johnson/Library/Developer/Xcode/DerivedData/SwiftUI_Challange-ayiqovtkgsueoravwjbktmernxjq/Build/Intermediates.noindex/SwiftUI\ Challange.build/Debug-iphonesimulator/SwiftUI\ Challange.build/Objects-normal/x86_64/ContentView.swiftconstvalues -emit-reference-dependencies-path /Users/johnson/Library/Developer/Xcode/DerivedData/SwiftUI_Challange-ayiqovtkgsueoravwjbktmernxjq/Build/Intermediates.noindex/SwiftUI\ Challange.build/Debug-iphonesimulator/SwiftUI\ Challange.build/Objects-normal/x86_64/ContentView.swiftdeps -serialize-diagnostics-path /Users/johnson/Library/Developer/Xcode/DerivedData/SwiftUI_Challange-ayiqovtkgsueoravwjbktmernxjq/Build/Intermediates.noindex/SwiftUI\ Challange.build/Debug-iphonesimulator/SwiftUI\ Challange.build/Objects-normal/x86_64/ContentView.dia -emit-localized-strings -emit-localized-strings-path /Users/johnson/Library/Developer/Xcode/DerivedData/SwiftUI_Challange-ayiqovtkgsueoravwjbktmernxjq/Build/Intermediates.noindex/SwiftUI\ Challange.build/Debug-iphonesimulator/SwiftUI\ Challange.build/Objects-normal/x86_64 -target x86_64-apple-ios26.4-simulator -module-can-import-version DeveloperToolsSupport 23.40.26 23.40.26 -module-can-import-version SwiftUI 7.4.27.1 7.4.27 -module-can-import-version UIKit 9126.4.27.1 9126.4.27 -load-resolved-plugin /Applications/Xcode.app/Contents/Developer/Platforms/iPhoneOS.platform/Developer/usr/lib/swift/host/plugins/libFoundationMacros.dylib\#/Applications/Xcode.app/Contents/Developer/Platforms/iPhoneOS.platform/Developer/usr/bin/swift-plugin-server\#FoundationMacros -load-resolved-plugin /Applications/Xcode.app/Contents/Developer/Platforms/iPhoneOS.platform/Developer/usr/lib/swift/host/plugins/libObservationMacros.dylib\#/Applications/Xcode.app/Contents/Developer/Platforms/iPhoneOS.platform/Developer/usr/bin/swift-plugin-server\#ObservationMacros -load-resolved-plugin /Applications/Xcode.app/Contents/Developer/Platforms/iPhoneOS.platform/Developer/usr/lib/swift/host/plugins/libPreviewsMacros.dylib\#/Applications/Xcode.app/Contents/Developer/Platforms/iPhoneOS.platform/Developer/usr/bin/swift-plugin-server\#PreviewsMacros -load-resolved-plugin /Applications/Xcode.app/Contents/Developer/Platforms/iPhoneOS.platform/Developer/usr/lib/swift/host/plugins/libSwiftMacros.dylib\#/Applications/Xcode.app/Contents/Developer/Platforms/iPhoneOS.platform/Developer/usr/bin/swift-plugin-server\#SwiftMacros -load-resolved-plugin /Applications/Xcode.app/Contents/Developer/Platforms/iPhoneOS.platform/Developer/usr/lib/swift/host/plugins/libSwiftUIMacros.dylib\#/Applications/Xcode.app/Contents/Developer/Platforms/iPhoneOS.platform/Developer/usr/bin/swift-plugin-server\#SwiftUIMacros -disable-implicit-swift-modules -Xcc -fno-implicit-modules -Xcc -fno-implicit-module-maps -explicit-swift-module-map-file /Users/johnson/Library/Developer/Xcode/DerivedData/SwiftUI_Challange-ayiqovtkgsueoravwjbktmernxjq/Build/Intermediates.noindex/SwiftUI\ Challange.build/Debug-iphonesimulator/SwiftUI\ Challange.build/Objects-normal/x86_64/SwiftUI_Challange-dependencies-1.json -debug-module-path /Users/johnson/Library/Developer/Xcode/DerivedData/SwiftUI_Challange-ayiqovtkgsueoravwjbktmernxjq/Build/Intermediates.noindex/SwiftUI\ Challange.build/Debug-iphonesimulator/SwiftUI\ Challange.build/Objects-normal/x86_64/SwiftUI_Challange.swiftmodule -enable-objc-interop -sdk /Applications/Xcode.app/Contents/Developer/Platforms/iPhoneSimulator.platform/Developer/SDKs/iPhoneSimulator26.4.sdk -I /Users/johnson/Library/Developer/Xcode/DerivedData/SwiftUI_Challange-ayiqovtkgsueoravwjbktmernxjq/Build/Products/Debug-iphonesimulator -F /Users/johnson/Library/Developer/Xcode/DerivedData/SwiftUI_Challange-ayiqovtkgsueoravwjbktmernxjq/Build/Products/Debug-iphonesimulator -no-color-diagnostics -Xcc -fno-color-diagnostics -enable-testing -g -debug-info-format\=dwarf -dwarf-version\=5 -module-cache-path /Users/johnson/Library/Developer/Xcode/DerivedData/SwiftUI_Challange-ayiqovtkgsueoravwjbktmernxjq/Build/Intermediates.noindex/SwiftExplicitPrecompiledModules -swift-version 5 -Onone -D DEBUG -serialize-debugging-options -const-gather-protocols-file /Users/johnson/Library/Developer/Xcode/DerivedData/SwiftUI_Challange-ayiqovtkgsueoravwjbktmernxjq/Build/Intermediates.noindex/SwiftUI\ Challange.build/Debug-iphonesimulator/SwiftUI\ Challange.build/Objects-normal/x86_64/SwiftUI\ Challange_const_extract_protocols.json -enable-upcoming-feature DisableOutwardActorInference -enable-upcoming-feature InferSendableFromCaptures -enable-upcoming-feature GlobalActorIsolatedTypesUsability -enable-upcoming-feature MemberImportVisibility -enable-upcoming-feature InferIsolatedConformances -enable-upcoming-feature NonisolatedNonsendingByDefault -enable-experimental-feature DebugDescriptionMacro -enable-bare-slash-regex -default-isolation\=MainActor -empty-abi-descriptor -validate-clang-modules-once -clang-build-session-file /Users/johnson/Library/Developer/Xcode/DerivedData/ModuleCache.noindex/Session.modulevalidation -Xcc -working-directory -Xcc /Users/johnson/Projects/SwiftUI\ Challange -enable-anonymous-context-mangled-names -file-compilation-dir /Users/johnson/Projects/SwiftUI\ Challange -Xcc -D_LIBCPP_HARDENING_MODE\=_LIBCPP_HARDENING_MODE_DEBUG -Xcc -ivfsstatcache -Xcc /Users/johnson/Library/Developer/Xcode/DerivedData/SDKStatCaches.noindex/iphonesimulator26.4-23E237-686eebb5dc1d8ecb277353a59184f4aa.sdkstatcache -Xcc -I/Users/johnson/Library/Developer/Xcode/DerivedData/SwiftUI_Challange-ayiqovtkgsueoravwjbktmernxjq/Build/Intermediates.noindex/SwiftUI\ Challange.build/Debug-iphonesimulator/SwiftUI\ Challange.build/swift-overrides.hmap -Xcc -iquote -Xcc /Users/johnson/Library/Developer/Xcode/DerivedData/SwiftUI_Challange-ayiqovtkgsueoravwjbktmernxjq/Build/Intermediates.noindex/SwiftUI\ Challange.build/Debug-iphonesimulator/SwiftUI\ Challange.build/SwiftUI\ Challange-generated-files.hmap -Xcc -I/Users/johnson/Library/Developer/Xcode/DerivedData/SwiftUI_Challange-ayiqovtkgsueoravwjbktmernxjq/Build/Intermediates.noindex/SwiftUI\ Challange.build/Debug-iphonesimulator/SwiftUI\ Challange.build/SwiftUI\ Challange-own-target-headers.hmap -Xcc -I/Users/johnson/Library/Developer/Xcode/DerivedData/SwiftUI_Challange-ayiqovtkgsueoravwjbktmernxjq/Build/Intermediates.noindex/SwiftUI\ Challange.build/Debug-iphonesimulator/SwiftUI\ Challange.build/SwiftUI\ Challange-all-target-headers.hmap -Xcc -iquote -Xcc /Users/johnson/Library/Developer/Xcode/DerivedData/SwiftUI_Challange-ayiqovtkgsueoravwjbktmernxjq/Build/Intermediates.noindex/SwiftUI\ Challange.build/Debug-iphonesimulator/SwiftUI\ Challange.build/SwiftUI\ Challange-project-headers.hmap -Xcc -I/Users/johnson/Library/Developer/Xcode/DerivedData/SwiftUI_Challange-ayiqovtkgsueoravwjbktmernxjq/Build/Products/Debug-iphonesimulator/include -Xcc -I/Users/johnson/Library/Developer/Xcode/DerivedData/SwiftUI_Challange-ayiqovtkgsueoravwjbktmernxjq/Build/Intermediates.noindex/SwiftUI\ Challange.build/Debug-iphonesimulator/SwiftUI\ Challange.build/DerivedSources-normal/x86_64 -Xcc -I/Users/johnson/Library/Developer/Xcode/DerivedData/SwiftUI_Challange-ayiqovtkgsueoravwjbktmernxjq/Build/Intermediates.noindex/SwiftUI\ Challange.build/Debug-iphonesimulator/SwiftUI\ Challange.build/DerivedSources/x86_64 -Xcc -I/Users/johnson/Library/Developer/Xcode/DerivedData/SwiftUI_Challange-ayiqovtkgsueoravwjbktmernxjq/Build/Intermediates.noindex/SwiftUI\ Challange.build/Debug-iphonesimulator/SwiftUI\ Challange.build/DerivedSources -Xcc -DDEBUG\=1 -no-auto-bridging-header-chaining -module-name SwiftUI_Challange -frontend-parseable-output -disable-clang-spi -clang-target x86_64-apple-ios26.4-simulator -target-sdk-version 26.4 -target-sdk-name iphonesimulator26.4 -in-process-plugin-server-path /Applications/Xcode.app/Contents/Developer/Toolchains/XcodeDefault.xctoolchain/usr/lib/swift/host/libSwiftInProcPluginServer.dylib -o /Users/johnson/Library/Developer/Xcode/DerivedData/SwiftUI_Challange-ayiqovtkgsueoravwjbktmernxjq/Build/Intermediates.noindex/SwiftUI\ Challange.build/Debug-iphonesimulator/SwiftUI\ Challange.build/Objects-normal/x86_64/ContentView.o -index-unit-output-path /SwiftUI\ Challange.build/Debug-iphonesimulator/SwiftUI\ Challange.build/Objects-normal/x86_64/ContentView.o -index-store-path /Users/johnson/Library/Developer/Xcode/DerivedData/SwiftUI_Challange-ayiqovtkgsueoravwjbktmernxjq/Index.noindex/DataStore -index-system-modules

SwiftCompile normal x86_64 /Users/johnson/Projects/SwiftUI\ Challange/SwiftUI\ Challange/View/ContentView.swift (in target 'SwiftUI Challange' from project 'SwiftUI Challange')
    cd /Users/johnson/Projects/SwiftUI\ Challange
    
/Users/johnson/Projects/SwiftUI Challange/SwiftUI Challange/View/ContentView.swift:61:10: error: referencing instance method 'onChange(of:perform:)' on 'Array' requires that 'Category' conform to 'Equatable'
        .onChange(of: categories) { _ in
         ^
Swift.Array:1:11: note: requirement from conditional conformance of '[Category]' to 'Equatable'
extension Array : Equatable where Element : Equatable {
          ^

** BUILD FAILED **


The following build commands failed:
	SwiftCompile normal x86_64 Compiling\ ContentView.swift /Users/johnson/Projects/SwiftUI\ Challange/SwiftUI\ Challange/View/ContentView.swift (in target 'SwiftUI Challange' from project 'SwiftUI Challange')
	SwiftCompile normal x86_64 /Users/johnson/Projects/SwiftUI\ Challange/SwiftUI\ Challange/View/ContentView.swift (in target 'SwiftUI Challange' from project 'SwiftUI Challange')
	Building project SwiftUI Challange with scheme SwiftUI Challange
(3 failures)
