Command line invocation:
    /Applications/Xcode.app/Contents/Developer/usr/bin/xcodebuild build -project "SwiftUI Challange.xcodeproj" -scheme "SwiftUI Challange" -sdk iphonesimulator -destination "generic/platform=iOS Simulator"

Build settings from command line:
    SDKROOT = iphonesimulator26.4

2026-04-09 18:40:42.074 xcodebuild[48165:3906757] [MT] IDERunDestination: Supported platforms for the buildables in the current scheme is empty.
ComputePackagePrebuildTargetDependencyGraph

Prepare packages

CreateBuildRequest

SendProjectDescription

CreateBuildOperation

ComputeTargetDependencyGraph
note: Building targets in dependency order
note: Target dependency graph (1 target)
    Target 'SwiftUI Challange' in project 'SwiftUI Challange' (no dependencies)

GatherProvisioningInputs

CreateBuildDescription

ExecuteExternalTool /Applications/Xcode.app/Contents/Developer/Toolchains/XcodeDefault.xctoolchain/usr/bin/clang -v -E -dM -isysroot /Applications/Xcode.app/Contents/Developer/Platforms/iPhoneSimulator.platform/Developer/SDKs/iPhoneSimulator26.4.sdk -x c -c /dev/null

ExecuteExternalTool /Applications/Xcode.app/Contents/Developer/usr/bin/actool --print-asset-tag-combinations --output-format xml1 /Users/johnson/Projects/SwiftUI Challange/SwiftUI Challange/Assets.xcassets

ExecuteExternalTool /Applications/Xcode.app/Contents/Developer/usr/bin/actool --version --output-format xml1

ExecuteExternalTool /Applications/Xcode.app/Contents/Developer/Toolchains/XcodeDefault.xctoolchain/usr/bin/swiftc --version

ExecuteExternalTool /Applications/Xcode.app/Contents/Developer/Toolchains/XcodeDefault.xctoolchain/usr/bin/ld -version_details

Build description signature: 5d8ebd690bc09fdd1b49c85cb9d0bbb4
Build description path: /Users/johnson/Library/Developer/Xcode/DerivedData/SwiftUI_Challange-ayiqovtkgsueoravwjbktmernxjq/Build/Intermediates.noindex/XCBuildData/5d8ebd690bc09fdd1b49c85cb9d0bbb4.xcbuilddata
ClangStatCache /Applications/Xcode.app/Contents/Developer/Toolchains/XcodeDefault.xctoolchain/usr/bin/clang-stat-cache /Applications/Xcode.app/Contents/Developer/Platforms/iPhoneSimulator.platform/Developer/SDKs/iPhoneSimulator26.4.sdk /Users/johnson/Library/Developer/Xcode/DerivedData/SDKStatCaches.noindex/iphonesimulator26.4-23E237-686eebb5dc1d8ecb277353a59184f4aa.sdkstatcache
    cd /Users/johnson/Projects/SwiftUI\ Challange/SwiftUI\ Challange.xcodeproj
    /Applications/Xcode.app/Contents/Developer/Toolchains/XcodeDefault.xctoolchain/usr/bin/clang-stat-cache /Applications/Xcode.app/Contents/Developer/Platforms/iPhoneSimulator.platform/Developer/SDKs/iPhoneSimulator26.4.sdk -o /Users/johnson/Library/Developer/Xcode/DerivedData/SDKStatCaches.noindex/iphonesimulator26.4-23E237-686eebb5dc1d8ecb277353a59184f4aa.sdkstatcache

ProcessInfoPlistFile /Users/johnson/Library/Developer/Xcode/DerivedData/SwiftUI_Challange-ayiqovtkgsueoravwjbktmernxjq/Build/Products/Debug-iphonesimulator/SwiftUI\ Challange.app/Info.plist /Users/johnson/Library/Developer/Xcode/DerivedData/SwiftUI_Challange-ayiqovtkgsueoravwjbktmernxjq/Build/Intermediates.noindex/SwiftUI\ Challange.build/Debug-iphonesimulator/SwiftUI\ Challange.build/empty-SwiftUI\ Challange.plist (in target 'SwiftUI Challange' from project 'SwiftUI Challange')
    cd /Users/johnson/Projects/SwiftUI\ Challange
    builtin-infoPlistUtility /Users/johnson/Library/Developer/Xcode/DerivedData/SwiftUI_Challange-ayiqovtkgsueoravwjbktmernxjq/Build/Intermediates.noindex/SwiftUI\ Challange.build/Debug-iphonesimulator/SwiftUI\ Challange.build/empty-SwiftUI\ Challange.plist -producttype com.apple.product-type.application -genpkginfo /Users/johnson/Library/Developer/Xcode/DerivedData/SwiftUI_Challange-ayiqovtkgsueoravwjbktmernxjq/Build/Products/Debug-iphonesimulator/SwiftUI\ Challange.app/PkgInfo -expandbuildsettings -format binary -platform iphonesimulator -additionalcontentfile /Users/johnson/Library/Developer/Xcode/DerivedData/SwiftUI_Challange-ayiqovtkgsueoravwjbktmernxjq/Build/Intermediates.noindex/SwiftUI\ Challange.build/Debug-iphonesimulator/SwiftUI\ Challange.build/assetcatalog_generated_info.plist -o /Users/johnson/Library/Developer/Xcode/DerivedData/SwiftUI_Challange-ayiqovtkgsueoravwjbktmernxjq/Build/Products/Debug-iphonesimulator/SwiftUI\ Challange.app/Info.plist

SwiftDriver SwiftUI\ Challange normal x86_64 com.apple.xcode.tools.swift.compiler (in target 'SwiftUI Challange' from project 'SwiftUI Challange')
    cd /Users/johnson/Projects/SwiftUI\ Challange
    builtin-SwiftDriver -- /Applications/Xcode.app/Contents/Developer/Toolchains/XcodeDefault.xctoolchain/usr/bin/swiftc -module-name SwiftUI_Challange -Onone @/Users/johnson/Library/Developer/Xcode/DerivedData/SwiftUI_Challange-ayiqovtkgsueoravwjbktmernxjq/Build/Intermediates.noindex/SwiftUI\ Challange.build/Debug-iphonesimulator/SwiftUI\ Challange.build/Objects-normal/x86_64/SwiftUI\ Challange.SwiftFileList -DDEBUG -default-isolation\=MainActor -enable-bare-slash-regex -enable-upcoming-feature DisableOutwardActorInference -enable-upcoming-feature InferSendableFromCaptures -enable-upcoming-feature GlobalActorIsolatedTypesUsability -enable-upcoming-feature MemberImportVisibility -enable-upcoming-feature InferIsolatedConformances -enable-upcoming-feature NonisolatedNonsendingByDefault -enable-experimental-feature DebugDescriptionMacro -sdk /Applications/Xcode.app/Contents/Developer/Platforms/iPhoneSimulator.platform/Developer/SDKs/iPhoneSimulator26.4.sdk -target x86_64-apple-ios26.4-simulator -g -module-cache-path /Users/johnson/Library/Developer/Xcode/DerivedData/ModuleCache.noindex -Xfrontend -serialize-debugging-options -enable-testing -index-store-path /Users/johnson/Library/Developer/Xcode/DerivedData/SwiftUI_Challange-ayiqovtkgsueoravwjbktmernxjq/Index.noindex/DataStore -Xcc -D_LIBCPP_HARDENING_MODE\=_LIBCPP_HARDENING_MODE_DEBUG -swift-version 5 -I /Users/johnson/Library/Developer/Xcode/DerivedData/SwiftUI_Challange-ayiqovtkgsueoravwjbktmernxjq/Build/Products/Debug-iphonesimulator -F /Users/johnson/Library/Developer/Xcode/DerivedData/SwiftUI_Challange-ayiqovtkgsueoravwjbktmernxjq/Build/Products/Debug-iphonesimulator -emit-localized-strings -emit-localized-strings-path /Users/johnson/Library/Developer/Xcode/DerivedData/SwiftUI_Challange-ayiqovtkgsueoravwjbktmernxjq/Build/Intermediates.noindex/SwiftUI\ Challange.build/Debug-iphonesimulator/SwiftUI\ Challange.build/Objects-normal/x86_64 -c -j12 -enable-batch-mode -incremental -Xcc -ivfsstatcache -Xcc /Users/johnson/Library/Developer/Xcode/DerivedData/SDKStatCaches.noindex/iphonesimulator26.4-23E237-686eebb5dc1d8ecb277353a59184f4aa.sdkstatcache -output-file-map /Users/johnson/Library/Developer/Xcode/DerivedData/SwiftUI_Challange-ayiqovtkgsueoravwjbktmernxjq/Build/Intermediates.noindex/SwiftUI\ Challange.build/Debug-iphonesimulator/SwiftUI\ Challange.build/Objects-normal/x86_64/SwiftUI\ Challange-OutputFileMap.json -use-frontend-parseable-output -save-temps -no-color-diagnostics -explicit-module-build -module-cache-path /Users/johnson/Library/Developer/Xcode/DerivedData/SwiftUI_Challange-ayiqovtkgsueoravwjbktmernxjq/Build/Intermediates.noindex/SwiftExplicitPrecompiledModules -clang-scanner-module-cache-path /Users/johnson/Library/Developer/Xcode/DerivedData/ModuleCache.noindex -sdk-module-cache-path /Users/johnson/Library/Developer/Xcode/DerivedData/ModuleCache.noindex -serialize-diagnostics -emit-dependencies -emit-module -emit-module-path /Users/johnson/Library/Developer/Xcode/DerivedData/SwiftUI_Challange-ayiqovtkgsueoravwjbktmernxjq/Build/Intermediates.noindex/SwiftUI\ Challange.build/Debug-iphonesimulator/SwiftUI\ Challange.build/Objects-normal/x86_64/SwiftUI_Challange.swiftmodule -validate-clang-modules-once -clang-build-session-file /Users/johnson/Library/Developer/Xcode/DerivedData/ModuleCache.noindex/Session.modulevalidation -Xcc -I/Users/johnson/Library/Developer/Xcode/DerivedData/SwiftUI_Challange-ayiqovtkgsueoravwjbktmernxjq/Build/Intermediates.noindex/SwiftUI\ Challange.build/Debug-iphonesimulator/SwiftUI\ Challange.build/swift-overrides.hmap -emit-const-values -Xfrontend -const-gather-protocols-file -Xfrontend /Users/johnson/Library/Developer/Xcode/DerivedData/SwiftUI_Challange-ayiqovtkgsueoravwjbktmernxjq/Build/Intermediates.noindex/SwiftUI\ Challange.build/Debug-iphonesimulator/SwiftUI\ Challange.build/Objects-normal/x86_64/SwiftUI\ Challange_const_extract_protocols.json -Xcc -iquote -Xcc /Users/johnson/Library/Developer/Xcode/DerivedData/SwiftUI_Challange-ayiqovtkgsueoravwjbktmernxjq/Build/Intermediates.noindex/SwiftUI\ Challange.build/Debug-iphonesimulator/SwiftUI\ Challange.build/SwiftUI\ Challange-generated-files.hmap -Xcc -I/Users/johnson/Library/Developer/Xcode/DerivedData/SwiftUI_Challange-ayiqovtkgsueoravwjbktmernxjq/Build/Intermediates.noindex/SwiftUI\ Challange.build/Debug-iphonesimulator/SwiftUI\ Challange.build/SwiftUI\ Challange-own-target-headers.hmap -Xcc -I/Users/johnson/Library/Developer/Xcode/DerivedData/SwiftUI_Challange-ayiqovtkgsueoravwjbktmernxjq/Build/Intermediates.noindex/SwiftUI\ Challange.build/Debug-iphonesimulator/SwiftUI\ Challange.build/SwiftUI\ Challange-all-target-headers.hmap -Xcc -iquote -Xcc /Users/johnson/Library/Developer/Xcode/DerivedData/SwiftUI_Challange-ayiqovtkgsueoravwjbktmernxjq/Build/Intermediates.noindex/SwiftUI\ Challange.build/Debug-iphonesimulator/SwiftUI\ Challange.build/SwiftUI\ Challange-project-headers.hmap -Xcc -I/Users/johnson/Library/Developer/Xcode/DerivedData/SwiftUI_Challange-ayiqovtkgsueoravwjbktmernxjq/Build/Products/Debug-iphonesimulator/include -Xcc -I/Users/johnson/Library/Developer/Xcode/DerivedData/SwiftUI_Challange-ayiqovtkgsueoravwjbktmernxjq/Build/Intermediates.noindex/SwiftUI\ Challange.build/Debug-iphonesimulator/SwiftUI\ Challange.build/DerivedSources-normal/x86_64 -Xcc -I/Users/johnson/Library/Developer/Xcode/DerivedData/SwiftUI_Challange-ayiqovtkgsueoravwjbktmernxjq/Build/Intermediates.noindex/SwiftUI\ Challange.build/Debug-iphonesimulator/SwiftUI\ Challange.build/DerivedSources/x86_64 -Xcc -I/Users/johnson/Library/Developer/Xcode/DerivedData/SwiftUI_Challange-ayiqovtkgsueoravwjbktmernxjq/Build/Intermediates.noindex/SwiftUI\ Challange.build/Debug-iphonesimulator/SwiftUI\ Challange.build/DerivedSources -Xcc -DDEBUG\=1 -emit-objc-header -emit-objc-header-path /Users/johnson/Library/Developer/Xcode/DerivedData/SwiftUI_Challange-ayiqovtkgsueoravwjbktmernxjq/Build/Intermediates.noindex/SwiftUI\ Challange.build/Debug-iphonesimulator/SwiftUI\ Challange.build/Objects-normal/x86_64/SwiftUI_Challange-Swift.h -working-directory /Users/johnson/Projects/SwiftUI\ Challange -experimental-emit-module-separately -disable-cmo

SwiftDriver SwiftUI\ Challange normal arm64 com.apple.xcode.tools.swift.compiler (in target 'SwiftUI Challange' from project 'SwiftUI Challange')
    cd /Users/johnson/Projects/SwiftUI\ Challange
    builtin-SwiftDriver -- /Applications/Xcode.app/Contents/Developer/Toolchains/XcodeDefault.xctoolchain/usr/bin/swiftc -module-name SwiftUI_Challange -Onone @/Users/johnson/Library/Developer/Xcode/DerivedData/SwiftUI_Challange-ayiqovtkgsueoravwjbktmernxjq/Build/Intermediates.noindex/SwiftUI\ Challange.build/Debug-iphonesimulator/SwiftUI\ Challange.build/Objects-normal/arm64/SwiftUI\ Challange.SwiftFileList -DDEBUG -default-isolation\=MainActor -enable-bare-slash-regex -enable-upcoming-feature DisableOutwardActorInference -enable-upcoming-feature InferSendableFromCaptures -enable-upcoming-feature GlobalActorIsolatedTypesUsability -enable-upcoming-feature MemberImportVisibility -enable-upcoming-feature InferIsolatedConformances -enable-upcoming-feature NonisolatedNonsendingByDefault -enable-experimental-feature DebugDescriptionMacro -sdk /Applications/Xcode.app/Contents/Developer/Platforms/iPhoneSimulator.platform/Developer/SDKs/iPhoneSimulator26.4.sdk -target arm64-apple-ios26.4-simulator -g -module-cache-path /Users/johnson/Library/Developer/Xcode/DerivedData/ModuleCache.noindex -Xfrontend -serialize-debugging-options -enable-testing -index-store-path /Users/johnson/Library/Developer/Xcode/DerivedData/SwiftUI_Challange-ayiqovtkgsueoravwjbktmernxjq/Index.noindex/DataStore -Xcc -D_LIBCPP_HARDENING_MODE\=_LIBCPP_HARDENING_MODE_DEBUG -swift-version 5 -I /Users/johnson/Library/Developer/Xcode/DerivedData/SwiftUI_Challange-ayiqovtkgsueoravwjbktmernxjq/Build/Products/Debug-iphonesimulator -F /Users/johnson/Library/Developer/Xcode/DerivedData/SwiftUI_Challange-ayiqovtkgsueoravwjbktmernxjq/Build/Products/Debug-iphonesimulator -emit-localized-strings -emit-localized-strings-path /Users/johnson/Library/Developer/Xcode/DerivedData/SwiftUI_Challange-ayiqovtkgsueoravwjbktmernxjq/Build/Intermediates.noindex/SwiftUI\ Challange.build/Debug-iphonesimulator/SwiftUI\ Challange.build/Objects-normal/arm64 -c -j12 -enable-batch-mode -incremental -Xcc -ivfsstatcache -Xcc /Users/johnson/Library/Developer/Xcode/DerivedData/SDKStatCaches.noindex/iphonesimulator26.4-23E237-686eebb5dc1d8ecb277353a59184f4aa.sdkstatcache -output-file-map /Users/johnson/Library/Developer/Xcode/DerivedData/SwiftUI_Challange-ayiqovtkgsueoravwjbktmernxjq/Build/Intermediates.noindex/SwiftUI\ Challange.build/Debug-iphonesimulator/SwiftUI\ Challange.build/Objects-normal/arm64/SwiftUI\ Challange-OutputFileMap.json -use-frontend-parseable-output -save-temps -no-color-diagnostics -explicit-module-build -module-cache-path /Users/johnson/Library/Developer/Xcode/DerivedData/SwiftUI_Challange-ayiqovtkgsueoravwjbktmernxjq/Build/Intermediates.noindex/SwiftExplicitPrecompiledModules -clang-scanner-module-cache-path /Users/johnson/Library/Developer/Xcode/DerivedData/ModuleCache.noindex -sdk-module-cache-path /Users/johnson/Library/Developer/Xcode/DerivedData/ModuleCache.noindex -serialize-diagnostics -emit-dependencies -emit-module -emit-module-path /Users/johnson/Library/Developer/Xcode/DerivedData/SwiftUI_Challange-ayiqovtkgsueoravwjbktmernxjq/Build/Intermediates.noindex/SwiftUI\ Challange.build/Debug-iphonesimulator/SwiftUI\ Challange.build/Objects-normal/arm64/SwiftUI_Challange.swiftmodule -validate-clang-modules-once -clang-build-session-file /Users/johnson/Library/Developer/Xcode/DerivedData/ModuleCache.noindex/Session.modulevalidation -Xcc -I/Users/johnson/Library/Developer/Xcode/DerivedData/SwiftUI_Challange-ayiqovtkgsueoravwjbktmernxjq/Build/Intermediates.noindex/SwiftUI\ Challange.build/Debug-iphonesimulator/SwiftUI\ Challange.build/swift-overrides.hmap -emit-const-values -Xfrontend -const-gather-protocols-file -Xfrontend /Users/johnson/Library/Developer/Xcode/DerivedData/SwiftUI_Challange-ayiqovtkgsueoravwjbktmernxjq/Build/Intermediates.noindex/SwiftUI\ Challange.build/Debug-iphonesimulator/SwiftUI\ Challange.build/Objects-normal/arm64/SwiftUI\ Challange_const_extract_protocols.json -Xcc -iquote -Xcc /Users/johnson/Library/Developer/Xcode/DerivedData/SwiftUI_Challange-ayiqovtkgsueoravwjbktmernxjq/Build/Intermediates.noindex/SwiftUI\ Challange.build/Debug-iphonesimulator/SwiftUI\ Challange.build/SwiftUI\ Challange-generated-files.hmap -Xcc -I/Users/johnson/Library/Developer/Xcode/DerivedData/SwiftUI_Challange-ayiqovtkgsueoravwjbktmernxjq/Build/Intermediates.noindex/SwiftUI\ Challange.build/Debug-iphonesimulator/SwiftUI\ Challange.build/SwiftUI\ Challange-own-target-headers.hmap -Xcc -I/Users/johnson/Library/Developer/Xcode/DerivedData/SwiftUI_Challange-ayiqovtkgsueoravwjbktmernxjq/Build/Intermediates.noindex/SwiftUI\ Challange.build/Debug-iphonesimulator/SwiftUI\ Challange.build/SwiftUI\ Challange-all-target-headers.hmap -Xcc -iquote -Xcc /Users/johnson/Library/Developer/Xcode/DerivedData/SwiftUI_Challange-ayiqovtkgsueoravwjbktmernxjq/Build/Intermediates.noindex/SwiftUI\ Challange.build/Debug-iphonesimulator/SwiftUI\ Challange.build/SwiftUI\ Challange-project-headers.hmap -Xcc -I/Users/johnson/Library/Developer/Xcode/DerivedData/SwiftUI_Challange-ayiqovtkgsueoravwjbktmernxjq/Build/Products/Debug-iphonesimulator/include -Xcc -I/Users/johnson/Library/Developer/Xcode/DerivedData/SwiftUI_Challange-ayiqovtkgsueoravwjbktmernxjq/Build/Intermediates.noindex/SwiftUI\ Challange.build/Debug-iphonesimulator/SwiftUI\ Challange.build/DerivedSources-normal/arm64 -Xcc -I/Users/johnson/Library/Developer/Xcode/DerivedData/SwiftUI_Challange-ayiqovtkgsueoravwjbktmernxjq/Build/Intermediates.noindex/SwiftUI\ Challange.build/Debug-iphonesimulator/SwiftUI\ Challange.build/DerivedSources/arm64 -Xcc -I/Users/johnson/Library/Developer/Xcode/DerivedData/SwiftUI_Challange-ayiqovtkgsueoravwjbktmernxjq/Build/Intermediates.noindex/SwiftUI\ Challange.build/Debug-iphonesimulator/SwiftUI\ Challange.build/DerivedSources -Xcc -DDEBUG\=1 -emit-objc-header -emit-objc-header-path /Users/johnson/Library/Developer/Xcode/DerivedData/SwiftUI_Challange-ayiqovtkgsueoravwjbktmernxjq/Build/Intermediates.noindex/SwiftUI\ Challange.build/Debug-iphonesimulator/SwiftUI\ Challange.build/Objects-normal/arm64/SwiftUI_Challange-Swift.h -working-directory /Users/johnson/Projects/SwiftUI\ Challange -experimental-emit-module-separately -disable-cmo

SwiftExplicitDependencyGeneratePcm arm64 /Users/johnson/Library/Developer/Xcode/DerivedData/ModuleCache.noindex/ptrcheck-7MB0ZTL1NHXETLZ946CZ99AT8.pcm

SwiftExplicitDependencyGeneratePcm arm64 /Users/johnson/Library/Developer/Xcode/DerivedData/ModuleCache.noindex/_Builtin_float-34Y90QFLEUPOPFYUQU6HSWJ8H.pcm

SwiftExplicitDependencyGeneratePcm arm64 /Users/johnson/Library/Developer/Xcode/DerivedData/ModuleCache.noindex/DeveloperToolsSupport-BB6XKYMZ415LK36U05TT7OIKD.pcm

SwiftExplicitDependencyGeneratePcm arm64 /Users/johnson/Library/Developer/Xcode/DerivedData/ModuleCache.noindex/_Builtin_stdbool-7RNIQSG90UL0I67NWMDTMCZY5.pcm

SwiftExplicitDependencyGeneratePcm arm64 /Users/johnson/Library/Developer/Xcode/DerivedData/ModuleCache.noindex/_AvailabilityInternal-1OVMY3LDIF45RROFOYT8AILPK.pcm

SwiftExplicitDependencyGeneratePcm arm64 /Users/johnson/Library/Developer/Xcode/DerivedData/ModuleCache.noindex/ptrauth-9DJ1EXW2OCAT5QNHZXDNBMKJZ.pcm

SwiftExplicitDependencyGeneratePcm arm64 /Users/johnson/Library/Developer/Xcode/DerivedData/ModuleCache.noindex/_Builtin_stddef-ANC8QMWJSPBKD22F2LAIR57S5.pcm

SwiftExplicitDependencyGeneratePcm arm64 /Users/johnson/Library/Developer/Xcode/DerivedData/ModuleCache.noindex/_SwiftConcurrencyShims-2TIW4E3J10ATX6ZANM9OAYJJ5.pcm

SwiftExplicitDependencyGeneratePcm arm64 /Users/johnson/Library/Developer/Xcode/DerivedData/ModuleCache.noindex/_Builtin_stdarg-DPJ33LYDVLP6FSA6UWD07JFAL.pcm

SwiftExplicitDependencyGeneratePcm arm64 /Users/johnson/Library/Developer/Xcode/DerivedData/ModuleCache.noindex/SwiftShims-880D4EFIIGKQMR8QK3BERIAJT.pcm

SwiftCompile normal x86_64 Compiling\ AddCategoryView.swift /Users/johnson/Projects/SwiftUI\ Challange/SwiftUI\ Challange/View/AddCategoryView.swift (in target 'SwiftUI Challange' from project 'SwiftUI Challange')
SwiftCompile normal x86_64 /Users/johnson/Projects/SwiftUI\ Challange/SwiftUI\ Challange/View/AddCategoryView.swift (in target 'SwiftUI Challange' from project 'SwiftUI Challange')
    cd /Users/johnson/Projects/SwiftUI\ Challange
    

SwiftCompile normal x86_64 Compiling\ ContentView.swift /Users/johnson/Projects/SwiftUI\ Challange/SwiftUI\ Challange/View/ContentView.swift (in target 'SwiftUI Challange' from project 'SwiftUI Challange')
SwiftCompile normal x86_64 /Users/johnson/Projects/SwiftUI\ Challange/SwiftUI\ Challange/View/ContentView.swift (in target 'SwiftUI Challange' from project 'SwiftUI Challange')
    cd /Users/johnson/Projects/SwiftUI\ Challange
    
/Users/johnson/Projects/SwiftUI Challange/SwiftUI Challange/View/ContentView.swift:47:1: error: cannot find 'b' in scope
b
^
/Users/johnson/Projects/SwiftUI Challange/SwiftUI Challange/View/ContentView.swift:63:33: error: missing argument for parameter #1 in call
                    addCategory()
                                ^
                                <#Category#>
/Users/johnson/Projects/SwiftUI Challange/SwiftUI Challange/View/ContentView.swift:78:10: note: 'addCategory' declared here
    func addCategory(_ category: Category) {
         ^

Failed frontend command:
/Applications/Xcode.app/Contents/Developer/Toolchains/XcodeDefault.xctoolchain/usr/bin/swift-frontend -frontend -c /Users/johnson/Projects/SwiftUI\ Challange/SwiftUI\ Challange/Model/Category.swift /Users/johnson/Projects/SwiftUI\ Challange/SwiftUI\ Challange/Model/Item.swift /Users/johnson/Projects/SwiftUI\ Challange/SwiftUI\ Challange/Storage/CategoryStorage.swift /Users/johnson/Projects/SwiftUI\ Challange/SwiftUI\ Challange/View/AddCategoryView.swift /Users/johnson/Projects/SwiftUI\ Challange/SwiftUI\ Challange/View/CategoryDetailView.swift -primary-file /Users/johnson/Projects/SwiftUI\ Challange/SwiftUI\ Challange/View/ContentView.swift /Users/johnson/Projects/SwiftUI\ Challange/SwiftUI\ Challange/SwiftUI_ChallangeApp.swift /Users/johnson/Library/Developer/Xcode/DerivedData/SwiftUI_Challange-ayiqovtkgsueoravwjbktmernxjq/Build/Intermediates.noindex/SwiftUI\ Challange.build/Debug-iphonesimulator/SwiftUI\ Challange.build/DerivedSources/GeneratedAssetSymbols.swift -emit-dependencies-path /Users/johnson/Library/Developer/Xcode/DerivedData/SwiftUI_Challange-ayiqovtkgsueoravwjbktmernxjq/Build/Intermediates.noindex/SwiftUI\ Challange.build/Debug-iphonesimulator/SwiftUI\ Challange.build/Objects-normal/x86_64/ContentView.d -emit-const-values-path /Users/johnson/Library/Developer/Xcode/DerivedData/SwiftUI_Challange-ayiqovtkgsueoravwjbktmernxjq/Build/Intermediates.noindex/SwiftUI\ Challange.build/Debug-iphonesimulator/SwiftUI\ Challange.build/Objects-normal/x86_64/ContentView.swiftconstvalues -emit-reference-dependencies-path /Users/johnson/Library/Developer/Xcode/DerivedData/SwiftUI_Challange-ayiqovtkgsueoravwjbktmernxjq/Build/Intermediates.noindex/SwiftUI\ Challange.build/Debug-iphonesimulator/SwiftUI\ Challange.build/Objects-normal/x86_64/ContentView.swiftdeps -serialize-diagnostics-path /Users/johnson/Library/Developer/Xcode/DerivedData/SwiftUI_Challange-ayiqovtkgsueoravwjbktmernxjq/Build/Intermediates.noindex/SwiftUI\ Challange.build/Debug-iphonesimulator/SwiftUI\ Challange.build/Objects-normal/x86_64/ContentView.dia -emit-localized-strings -emit-localized-strings-path /Users/johnson/Library/Developer/Xcode/DerivedData/SwiftUI_Challange-ayiqovtkgsueoravwjbktmernxjq/Build/Intermediates.noindex/SwiftUI\ Challange.build/Debug-iphonesimulator/SwiftUI\ Challange.build/Objects-normal/x86_64 -target x86_64-apple-ios26.4-simulator -module-can-import-version DeveloperToolsSupport 23.40.26 23.40.26 -module-can-import-version SwiftUI 7.4.27.1 7.4.27 -module-can-import-version UIKit 9126.4.27.1 9126.4.27 -load-resolved-plugin /Applications/Xcode.app/Contents/Developer/Platforms/iPhoneOS.platform/Developer/usr/lib/swift/host/plugins/libFoundationMacros.dylib\#/Applications/Xcode.app/Contents/Developer/Platforms/iPhoneOS.platform/Developer/usr/bin/swift-plugin-server\#FoundationMacros -load-resolved-plugin /Applications/Xcode.app/Contents/Developer/Platforms/iPhoneOS.platform/Developer/usr/lib/swift/host/plugins/libObservationMacros.dylib\#/Applications/Xcode.app/Contents/Developer/Platforms/iPhoneOS.platform/Developer/usr/bin/swift-plugin-server\#ObservationMacros -load-resolved-plugin /Applications/Xcode.app/Contents/Developer/Platforms/iPhoneOS.platform/Developer/usr/lib/swift/host/plugins/libPreviewsMacros.dylib\#/Applications/Xcode.app/Contents/Developer/Platforms/iPhoneOS.platform/Developer/usr/bin/swift-plugin-server\#PreviewsMacros -load-resolved-plugin /Applications/Xcode.app/Contents/Developer/Platforms/iPhoneOS.platform/Developer/usr/lib/swift/host/plugins/libSwiftMacros.dylib\#/Applications/Xcode.app/Contents/Developer/Platforms/iPhoneOS.platform/Developer/usr/bin/swift-plugin-server\#SwiftMacros -load-resolved-plugin /Applications/Xcode.app/Contents/Developer/Platforms/iPhoneOS.platform/Developer/usr/lib/swift/host/plugins/libSwiftUIMacros.dylib\#/Applications/Xcode.app/Contents/Developer/Platforms/iPhoneOS.platform/Developer/usr/bin/swift-plugin-server\#SwiftUIMacros -disable-implicit-swift-modules -Xcc -fno-implicit-modules -Xcc -fno-implicit-module-maps -explicit-swift-module-map-file /Users/johnson/Library/Developer/Xcode/DerivedData/SwiftUI_Challange-ayiqovtkgsueoravwjbktmernxjq/Build/Intermediates.noindex/SwiftUI\ Challange.build/Debug-iphonesimulator/SwiftUI\ Challange.build/Objects-normal/x86_64/SwiftUI_Challange-dependencies-1.json -debug-module-path /Users/johnson/Library/Developer/Xcode/DerivedData/SwiftUI_Challange-ayiqovtkgsueoravwjbktmernxjq/Build/Intermediates.noindex/SwiftUI\ Challange.build/Debug-iphonesimulator/SwiftUI\ Challange.build/Objects-normal/x86_64/SwiftUI_Challange.swiftmodule -enable-objc-interop -sdk /Applications/Xcode.app/Contents/Developer/Platforms/iPhoneSimulator.platform/Developer/SDKs/iPhoneSimulator26.4.sdk -I /Users/johnson/Library/Developer/Xcode/DerivedData/SwiftUI_Challange-ayiqovtkgsueoravwjbktmernxjq/Build/Products/Debug-iphonesimulator -F /Users/johnson/Library/Developer/Xcode/DerivedData/SwiftUI_Challange-ayiqovtkgsueoravwjbktmernxjq/Build/Products/Debug-iphonesimulator -no-color-diagnostics -Xcc -fno-color-diagnostics -enable-testing -g -debug-info-format\=dwarf -dwarf-version\=5 -module-cache-path /Users/johnson/Library/Developer/Xcode/DerivedData/SwiftUI_Challange-ayiqovtkgsueoravwjbktmernxjq/Build/Intermediates.noindex/SwiftExplicitPrecompiledModules -swift-version 5 -Onone -D DEBUG -serialize-debugging-options -const-gather-protocols-file /Users/johnson/Library/Developer/Xcode/DerivedData/SwiftUI_Challange-ayiqovtkgsueoravwjbktmernxjq/Build/Intermediates.noindex/SwiftUI\ Challange.build/Debug-iphonesimulator/SwiftUI\ Challange.build/Objects-normal/x86_64/SwiftUI\ Challange_const_extract_protocols.json -enable-upcoming-feature DisableOutwardActorInference -enable-upcoming-feature InferSendableFromCaptures -enable-upcoming-feature GlobalActorIsolatedTypesUsability -enable-upcoming-feature MemberImportVisibility -enable-upcoming-feature InferIsolatedConformances -enable-upcoming-feature NonisolatedNonsendingByDefault -enable-experimental-feature DebugDescriptionMacro -enable-bare-slash-regex -default-isolation\=MainActor -empty-abi-descriptor -validate-clang-modules-once -clang-build-session-file /Users/johnson/Library/Developer/Xcode/DerivedData/ModuleCache.noindex/Session.modulevalidation -Xcc -working-directory -Xcc /Users/johnson/Projects/SwiftUI\ Challange -enable-anonymous-context-mangled-names -file-compilation-dir /Users/johnson/Projects/SwiftUI\ Challange -Xcc -D_LIBCPP_HARDENING_MODE\=_LIBCPP_HARDENING_MODE_DEBUG -Xcc -ivfsstatcache -Xcc /Users/johnson/Library/Developer/Xcode/DerivedData/SDKStatCaches.noindex/iphonesimulator26.4-23E237-686eebb5dc1d8ecb277353a59184f4aa.sdkstatcache -Xcc -I/Users/johnson/Library/Developer/Xcode/DerivedData/SwiftUI_Challange-ayiqovtkgsueoravwjbktmernxjq/Build/Intermediates.noindex/SwiftUI\ Challange.build/Debug-iphonesimulator/SwiftUI\ Challange.build/swift-overrides.hmap -Xcc -iquote -Xcc /Users/johnson/Library/Developer/Xcode/DerivedData/SwiftUI_Challange-ayiqovtkgsueoravwjbktmernxjq/Build/Intermediates.noindex/SwiftUI\ Challange.build/Debug-iphonesimulator/SwiftUI\ Challange.build/SwiftUI\ Challange-generated-files.hmap -Xcc -I/Users/johnson/Library/Developer/Xcode/DerivedData/SwiftUI_Challange-ayiqovtkgsueoravwjbktmernxjq/Build/Intermediates.noindex/SwiftUI\ Challange.build/Debug-iphonesimulator/SwiftUI\ Challange.build/SwiftUI\ Challange-own-target-headers.hmap -Xcc -I/Users/johnson/Library/Developer/Xcode/DerivedData/SwiftUI_Challange-ayiqovtkgsueoravwjbktmernxjq/Build/Intermediates.noindex/SwiftUI\ Challange.build/Debug-iphonesimulator/SwiftUI\ Challange.build/SwiftUI\ Challange-all-target-headers.hmap -Xcc -iquote -Xcc /Users/johnson/Library/Developer/Xcode/DerivedData/SwiftUI_Challange-ayiqovtkgsueoravwjbktmernxjq/Build/Intermediates.noindex/SwiftUI\ Challange.build/Debug-iphonesimulator/SwiftUI\ Challange.build/SwiftUI\ Challange-project-headers.hmap -Xcc -I/Users/johnson/Library/Developer/Xcode/DerivedData/SwiftUI_Challange-ayiqovtkgsueoravwjbktmernxjq/Build/Products/Debug-iphonesimulator/include -Xcc -I/Users/johnson/Library/Developer/Xcode/DerivedData/SwiftUI_Challange-ayiqovtkgsueoravwjbktmernxjq/Build/Intermediates.noindex/SwiftUI\ Challange.build/Debug-iphonesimulator/SwiftUI\ Challange.build/DerivedSources-normal/x86_64 -Xcc -I/Users/johnson/Library/Developer/Xcode/DerivedData/SwiftUI_Challange-ayiqovtkgsueoravwjbktmernxjq/Build/Intermediates.noindex/SwiftUI\ Challange.build/Debug-iphonesimulator/SwiftUI\ Challange.build/DerivedSources/x86_64 -Xcc -I/Users/johnson/Library/Developer/Xcode/DerivedData/SwiftUI_Challange-ayiqovtkgsueoravwjbktmernxjq/Build/Intermediates.noindex/SwiftUI\ Challange.build/Debug-iphonesimulator/SwiftUI\ Challange.build/DerivedSources -Xcc -DDEBUG\=1 -no-auto-bridging-header-chaining -module-name SwiftUI_Challange -frontend-parseable-output -disable-clang-spi -clang-target x86_64-apple-ios26.4-simulator -target-sdk-version 26.4 -target-sdk-name iphonesimulator26.4 -in-process-plugin-server-path /Applications/Xcode.app/Contents/Developer/Toolchains/XcodeDefault.xctoolchain/usr/lib/swift/host/libSwiftInProcPluginServer.dylib -o /Users/johnson/Library/Developer/Xcode/DerivedData/SwiftUI_Challange-ayiqovtkgsueoravwjbktmernxjq/Build/Intermediates.noindex/SwiftUI\ Challange.build/Debug-iphonesimulator/SwiftUI\ Challange.build/Objects-normal/x86_64/ContentView.o -index-unit-output-path /SwiftUI\ Challange.build/Debug-iphonesimulator/SwiftUI\ Challange.build/Objects-normal/x86_64/ContentView.o -index-store-path /Users/johnson/Library/Developer/Xcode/DerivedData/SwiftUI_Challange-ayiqovtkgsueoravwjbktmernxjq/Index.noindex/DataStore -index-system-modules
SwiftEmitModule normal x86_64 Emitting\ module\ for\ SwiftUI_Challange (in target 'SwiftUI Challange' from project 'SwiftUI Challange')

EmitSwiftModule normal x86_64 (in target 'SwiftUI Challange' from project 'SwiftUI Challange')
    cd /Users/johnson/Projects/SwiftUI\ Challange
    

SwiftCompile normal x86_64 Compiling\ SwiftUI_ChallangeApp.swift /Users/johnson/Projects/SwiftUI\ Challange/SwiftUI\ Challange/SwiftUI_ChallangeApp.swift (in target 'SwiftUI Challange' from project 'SwiftUI Challange')

SwiftCompile normal x86_64 /Users/johnson/Projects/SwiftUI\ Challange/SwiftUI\ Challange/SwiftUI_ChallangeApp.swift (in target 'SwiftUI Challange' from project 'SwiftUI Challange')
    cd /Users/johnson/Projects/SwiftUI\ Challange
    

SwiftCompile normal x86_64 Compiling\ GeneratedAssetSymbols.swift /Users/johnson/Library/Developer/Xcode/DerivedData/SwiftUI_Challange-ayiqovtkgsueoravwjbktmernxjq/Build/Intermediates.noindex/SwiftUI\ Challange.build/Debug-iphonesimulator/SwiftUI\ Challange.build/DerivedSources/GeneratedAssetSymbols.swift (in target 'SwiftUI Challange' from project 'SwiftUI Challange')
SwiftCompile normal x86_64 /Users/johnson/Library/Developer/Xcode/DerivedData/SwiftUI_Challange-ayiqovtkgsueoravwjbktmernxjq/Build/Intermediates.noindex/SwiftUI\ Challange.build/Debug-iphonesimulator/SwiftUI\ Challange.build/DerivedSources/GeneratedAssetSymbols.swift (in target 'SwiftUI Challange' from project 'SwiftUI Challange')
    cd /Users/johnson/Projects/SwiftUI\ Challange
    

SwiftCompile normal x86_64 Compiling\ CategoryDetailView.swift /Users/johnson/Projects/SwiftUI\ Challange/SwiftUI\ Challange/View/CategoryDetailView.swift (in target 'SwiftUI Challange' from project 'SwiftUI Challange')

SwiftCompile normal x86_64 /Users/johnson/Projects/SwiftUI\ Challange/SwiftUI\ Challange/View/CategoryDetailView.swift (in target 'SwiftUI Challange' from project 'SwiftUI Challange')
    cd /Users/johnson/Projects/SwiftUI\ Challange
    

SwiftExplicitDependencyGeneratePcm arm64 /Users/johnson/Library/Developer/Xcode/DerivedData/ModuleCache.noindex/_DarwinFoundation1-23CCTCPBPOUFXGKC300T1RSQN.pcm

SwiftExplicitDependencyGeneratePcm arm64 /Users/johnson/Library/Developer/Xcode/DerivedData/ModuleCache.noindex/_DarwinFoundation2-7ZEJE44L4JTIZK34I9E6FLAJG.pcm

SwiftExplicitDependencyGeneratePcm arm64 /Users/johnson/Library/Developer/Xcode/DerivedData/ModuleCache.noindex/_Builtin_limits-2MA7XH6M6ZDVSW06V8UHECADA.pcm

SwiftExplicitDependencyGeneratePcm arm64 /Users/johnson/Library/Developer/Xcode/DerivedData/ModuleCache.noindex/_Builtin_stdint-8I24VWR33YZNQ0TQVW5CRNPLD.pcm

SwiftExplicitDependencyGeneratePcm arm64 /Users/johnson/Library/Developer/Xcode/DerivedData/ModuleCache.noindex/sys_types-3FM2ALEEH2E50A1WLN5YVV7HO.pcm

SwiftExplicitDependencyGeneratePcm arm64 /Users/johnson/Library/Developer/Xcode/DerivedData/ModuleCache.noindex/_Builtin_tgmath-ETC01YWF2IZBQ7T55IZSVCREC.pcm

SwiftExplicitDependencyGeneratePcm arm64 /Users/johnson/Library/Developer/Xcode/DerivedData/ModuleCache.noindex/_DarwinFoundation3-4WT2E843XET71U6ZXKA6FROWP.pcm

SwiftExplicitDependencyGeneratePcm arm64 /Users/johnson/Library/Developer/Xcode/DerivedData/ModuleCache.noindex/_Builtin_intrinsics-B6MRAMIJBB99JVHQEXD0W223Y.pcm

SwiftExplicitDependencyGeneratePcm arm64 /Users/johnson/Library/Developer/Xcode/DerivedData/ModuleCache.noindex/_Builtin_stdatomic-E8Q1U91ZDNKOYIXPJ0A4SYQH9.pcm

SwiftExplicitDependencyGeneratePcm arm64 /Users/johnson/Library/Developer/Xcode/DerivedData/ModuleCache.noindex/_Builtin_inttypes-7ZDKQO97E9S8JAOCIB3ADO7WV.pcm

SwiftExplicitDependencyGeneratePcm arm64 /Users/johnson/Library/Developer/Xcode/DerivedData/ModuleCache.noindex/Darwin-5UVQR0Z17YIXW57G1ZW8EFJYF.pcm

SwiftExplicitDependencyGeneratePcm arm64 /Users/johnson/Library/Developer/Xcode/DerivedData/ModuleCache.noindex/simd-64GB1Z9XA17T7ICS8VSCEUEEO.pcm

SwiftExplicitDependencyGeneratePcm arm64 /Users/johnson/Library/Developer/Xcode/DerivedData/ModuleCache.noindex/MachO-B0YTEWQP83RTGOKAVNDZ209UY.pcm

SwiftExplicitDependencyGeneratePcm arm64 /Users/johnson/Library/Developer/Xcode/DerivedData/ModuleCache.noindex/ObjectiveC-20LWQYZM9V1U3QRCXUIVQW8H5.pcm

SwiftExplicitDependencyGeneratePcm arm64 /Users/johnson/Library/Developer/Xcode/DerivedData/ModuleCache.noindex/os_object-W8WIGYS2ADNSKUC88RWUH6ZF.pcm

SwiftExplicitDependencyGeneratePcm arm64 /Users/johnson/Library/Developer/Xcode/DerivedData/ModuleCache.noindex/os_workgroup-AZEQSQOVVP468WN4N2ZPMWAX7.pcm

SwiftExplicitDependencyGeneratePcm arm64 /Users/johnson/Library/Developer/Xcode/DerivedData/ModuleCache.noindex/Dispatch-Z340W7Z8GOSW8K85ZG7FG7QD.pcm

SwiftDriverJobDiscovery normal x86_64 Compiling SwiftUI_ChallangeApp.swift (in target 'SwiftUI Challange' from project 'SwiftUI Challange')

SwiftExplicitDependencyGeneratePcm arm64 /Users/johnson/Library/Developer/Xcode/DerivedData/ModuleCache.noindex/Spatial-E5ZAJQ2XN8IPHW4KXPDMAZ2CJ.pcm

SwiftDriverJobDiscovery normal x86_64 Compiling AddCategoryView.swift (in target 'SwiftUI Challange' from project 'SwiftUI Challange')

** BUILD FAILED **


The following build commands failed:
	SwiftCompile normal x86_64 /Users/johnson/Projects/SwiftUI\ Challange/SwiftUI\ Challange/View/ContentView.swift (in target 'SwiftUI Challange' from project 'SwiftUI Challange')
	SwiftCompile normal x86_64 Compiling\ ContentView.swift /Users/johnson/Projects/SwiftUI\ Challange/SwiftUI\ Challange/View/ContentView.swift (in target 'SwiftUI Challange' from project 'SwiftUI Challange')
	Building project SwiftUI Challange with scheme SwiftUI Challange
(3 failures)
